cargo :     Checking aho-corasick v1.1.4
At line:1 char:1
+ cargo check 2>&1 | Out-File -FilePath build_errors.txt -Encoding utf8
+ ~~~~~~~~~~~~~~~~
    + CategoryInfo          : NotSpecified: (    Checking aho-corasick v1.1.4:String) [], RemoteException
    + FullyQualifiedErrorId : NativeCommandError
 
    Checking regex-automata v0.4.14
    Checking regex v1.12.3
    Checking nasa-rust-project v0.3.0 (C:\Users\elvie\nasa-rust-project)
error[E0026]: variant `ExprWork::EmitStructLiteral` does not have a field named `struct_name`
   --> src\emit\rspu.rs:522:43
    |
522 |             ExprWork::EmitStructLiteral { struct_name: _, field_count, struct_expr } => {
    |                                           ^^^^^^^^^^^ variant `ExprWork::EmitStructLiteral` does not have this field
    |
help: a field with a similar name exists
    |
522 |             ExprWork::EmitStructLiteral { _struct_name: _, field_count, struct_expr } => {
    |                                           +

error[E0559]: variant `ExprWork<'_>::EmitStructLiteral` has no field named `struct_name`
   --> src\emit\rspu.rs:411:25
    |
411 |                         struct_name: name.clone(),
    |                         ^^^^^^^^^^^ unknown field
    |
help: a field with a similar name exists
    |
411 |                         _struct_name: name.clone(),
    |                         +

Some errors have detailed explanations: E0026, E0559.
For more information about an error, try `rustc --explain E0026`.
error: could not compile `nasa-rust-project` (lib) due to 2 previous errors
