    Finished `test` profile [unoptimized + debuginfo] target(s) in 1m 01s
     Running unittests src\lib.rs (target\debug\deps\nasa_rust_project-b2dfdf180758f473.exe)

running 0 tests

test result: ok. 0 passed; 0 failed; 0 ignored; 0 measured; 420 filtered out; finished in 0.00s

     Running unittests src\bin\generate_mirr_stress.rs (target\debug\deps\generate_mirr_stress-deed87102af39795.exe)

running 0 tests

test result: ok. 0 passed; 0 failed; 0 ignored; 0 measured; 0 filtered out; finished in 0.00s

     Running unittests src\bin\mirr-compile\main.rs (target\debug\deps\mirr_compile-1c2c8e6167d671d3.exe)

running 0 tests

test result: ok. 0 passed; 0 failed; 0 ignored; 0 measured; 0 filtered out; finished in 0.00s

     Running unittests src\bin\mirr-diff\main.rs (target\debug\deps\mirr_diff-86b9c7598870f5c4.exe)

running 0 tests

test result: ok. 0 passed; 0 failed; 0 ignored; 0 measured; 0 filtered out; finished in 0.00s

     Running unittests src\bin\mirr-explain\main.rs (target\debug\deps\mirr_explain-3b5d6af3ccbba570.exe)

running 0 tests

test result: ok. 0 passed; 0 failed; 0 ignored; 0 measured; 0 filtered out; finished in 0.00s

     Running unittests src\bin\mirr-lsp.rs (target\debug\deps\mirr_lsp-7a3e1c239ca13169.exe)

running 0 tests

test result: ok. 0 passed; 0 failed; 0 ignored; 0 measured; 0 filtered out; finished in 0.00s

     Running unittests src\bin\mirr-simplify.rs (target\debug\deps\mirr_simplify-3315fc10c3792d10.exe)

running 0 tests

test result: ok. 0 passed; 0 failed; 0 ignored; 0 measured; 0 filtered out; finished in 0.00s

     Running unittests src\bin\mirr-simulate.rs (target\debug\deps\mirr_simulate-5b3253c744567805.exe)

running 0 tests

test result: ok. 0 passed; 0 failed; 0 ignored; 0 measured; 0 filtered out; finished in 0.00s

     Running unittests src\bin\mirr-width.rs (target\debug\deps\mirr_width-9699c241dadbeba8.exe)

running 0 tests

test result: ok. 0 passed; 0 failed; 0 ignored; 0 measured; 0 filtered out; finished in 0.00s

     Running unittests src\main.rs (target\debug\deps\nasa_rust_project-04416997455e6c80.exe)

running 0 tests

test result: ok. 0 passed; 0 failed; 0 ignored; 0 measured; 0 filtered out; finished in 0.00s

     Running unittests src\bin\run_lexer.rs (target\debug\deps\run_lexer-ead68ae5f90b9d6f.exe)

running 0 tests

test result: ok. 0 passed; 0 failed; 0 ignored; 0 measured; 0 filtered out; finished in 0.00s

     Running tests\allocation_audit.rs (target\debug\deps\allocation_audit-8f3fbbabe50f8549.exe)

running 0 tests

test result: ok. 0 passed; 0 failed; 0 ignored; 0 measured; 1 filtered out; finished in 0.00s

     Running tests\arm_integration_tests.rs (target\debug\deps\arm_integration_tests-daaa58a971b2312c.exe)

running 0 tests

test result: ok. 0 passed; 0 failed; 0 ignored; 0 measured; 13 filtered out; finished in 0.00s

     Running tests\bootstrap_parity_tests.rs (target\debug\deps\bootstrap_parity_tests-9148d206c3406b48.exe)

running 0 tests

test result: ok. 0 passed; 0 failed; 0 ignored; 0 measured; 5 filtered out; finished in 0.00s

     Running tests\bootstrap_runner_extended_core_tests.rs (target\debug\deps\bootstrap_runner_extended_core_tests-3a5c20661d2d97f0.exe)

running 0 tests

test result: ok. 0 passed; 0 failed; 0 ignored; 0 measured; 34 filtered out; finished in 0.00s

     Running tests\bootstrap_runner_extended_stress_tests.rs (target\debug\deps\bootstrap_runner_extended_stress_tests-08d6fd62be7403fb.exe)

running 0 tests

test result: ok. 0 passed; 0 failed; 0 ignored; 0 measured; 20 filtered out; finished in 0.00s

     Running tests\bootstrap_runner_mirr_stages_tests.rs (target\debug\deps\bootstrap_runner_mirr_stages_tests-f53a34fcc7cfe96b.exe)

running 0 tests

test result: ok. 0 passed; 0 failed; 0 ignored; 0 measured; 13 filtered out; finished in 0.00s

     Running tests\codegen_tests.rs (target\debug\deps\codegen_tests-36b70588b4c32346.exe)

running 0 tests

test result: ok. 0 passed; 0 failed; 0 ignored; 0 measured; 11 filtered out; finished in 0.00s

     Running tests\debug_parse_multi_guard.rs (target\debug\deps\debug_parse_multi_guard-5f65b6e402f32af8.exe)

running 0 tests

test result: ok. 0 passed; 0 failed; 0 ignored; 0 measured; 1 filtered out; finished in 0.00s

     Running tests\diagnostic_extended_tests.rs (target\debug\deps\diagnostic_extended_tests-7ae606ba2c5cbc4c.exe)

running 0 tests

test result: ok. 0 passed; 0 failed; 0 ignored; 0 measured; 85 filtered out; finished in 0.00s

     Running tests\diagnostic_render_tests.rs (target\debug\deps\diagnostic_render_tests-a441b1a63e255439.exe)

running 0 tests

test result: ok. 0 passed; 0 failed; 0 ignored; 0 measured; 8 filtered out; finished in 0.00s

     Running tests\emit_dot_tests.rs (target\debug\deps\emit_dot_tests-20d9c5a283f28d49.exe)

running 0 tests

test result: ok. 0 passed; 0 failed; 0 ignored; 0 measured; 7 filtered out; finished in 0.00s

     Running tests\emit_firrtl_tests.rs (target\debug\deps\emit_firrtl_tests-fb3a4f57d418f425.exe)

running 0 tests

test result: ok. 0 passed; 0 failed; 0 ignored; 0 measured; 14 filtered out; finished in 0.00s

     Running tests\emit_rspu_tests.rs (target\debug\deps\emit_rspu_tests-ab714f01b635b901.exe)

running 0 tests

test result: ok. 0 passed; 0 failed; 0 ignored; 0 measured; 24 filtered out; finished in 0.00s

     Running tests\emit_scaffold_tests.rs (target\debug\deps\emit_scaffold_tests-e11628a8fb7f9ece.exe)

running 0 tests

test result: ok. 0 passed; 0 failed; 0 ignored; 0 measured; 9 filtered out; finished in 0.00s

     Running tests\emit_testbench_tests.rs (target\debug\deps\emit_testbench_tests-eb59da7bcfa03dea.exe)

running 0 tests

test result: ok. 0 passed; 0 failed; 0 ignored; 0 measured; 8 filtered out; finished in 0.00s

     Running tests\emit_verilog_extended_module_tests.rs (target\debug\deps\emit_verilog_extended_module_tests-b296bc0940b31c60.exe)

running 0 tests

test result: ok. 0 passed; 0 failed; 0 ignored; 0 measured; 12 filtered out; finished in 0.00s

     Running tests\emit_verilog_tests.rs (target\debug\deps\emit_verilog_tests-d70af469295b6fec.exe)

running 0 tests

test result: ok. 0 passed; 0 failed; 0 ignored; 0 measured; 23 filtered out; finished in 0.00s

     Running tests\expand_extended_tests.rs (target\debug\deps\expand_extended_tests-73bdd2048a49b539.exe)

running 0 tests

test result: ok. 0 passed; 0 failed; 0 ignored; 0 measured; 40 filtered out; finished in 0.00s

     Running tests\expr_tests.rs (target\debug\deps\expr_tests-2554896d2d9a892e.exe)

running 0 tests

test result: ok. 0 passed; 0 failed; 0 ignored; 0 measured; 17 filtered out; finished in 0.00s

     Running tests\extended_typecheck_tests.rs (target\debug\deps\extended_typecheck_tests-6836e98d72e26ed4.exe)

running 0 tests

test result: ok. 0 passed; 0 failed; 0 ignored; 0 measured; 13 filtered out; finished in 0.00s

     Running tests\formal_orchestration_tests.rs (target\debug\deps\formal_orchestration_tests-5d82c69325a8cb65.exe)

running 0 tests

test result: ok. 0 passed; 0 failed; 0 ignored; 0 measured; 81 filtered out; finished in 0.00s

     Running tests\fpga_extensions_tests.rs (target\debug\deps\fpga_extensions_tests-0e603f2c760cbc3f.exe)

running 0 tests

test result: ok. 0 passed; 0 failed; 0 ignored; 0 measured; 28 filtered out; finished in 0.00s

     Running tests\fpga_scaffolding_tests.rs (target\debug\deps\fpga_scaffolding_tests-f41de17aeb7a2fbf.exe)

running 0 tests

test result: ok. 0 passed; 0 failed; 0 ignored; 0 measured; 10 filtered out; finished in 0.00s

     Running tests\higher_order_pattern_tests.rs (target\debug\deps\higher_order_pattern_tests-c4c0e8b8409616e1.exe)

running 0 tests

test result: ok. 0 passed; 0 failed; 0 ignored; 0 measured; 13 filtered out; finished in 0.00s

     Running tests\hls_core_tests.rs (target\debug\deps\hls_core_tests-674aa4344f999e56.exe)

running 0 tests

test result: ok. 0 passed; 0 failed; 0 ignored; 0 measured; 17 filtered out; finished in 0.00s

     Running tests\hls_fifo_tests.rs (target\debug\deps\hls_fifo_tests-3fee628c3e9dd433.exe)

running 0 tests

test result: ok. 0 passed; 0 failed; 0 ignored; 0 measured; 13 filtered out; finished in 0.00s

     Running tests\hls_integration_tests.rs (target\debug\deps\hls_integration_tests-2595e6a0e38a8285.exe)

running 0 tests

test result: ok. 0 passed; 0 failed; 0 ignored; 0 measured; 10 filtered out; finished in 0.00s

     Running tests\lexer_executor_tests.rs (target\debug\deps\lexer_executor_tests-db2b26fb9bb2db13.exe)

running 0 tests

test result: ok. 0 passed; 0 failed; 0 ignored; 0 measured; 1 filtered out; finished in 0.00s

     Running tests\lexer_guard_semantics_tests.rs (target\debug\deps\lexer_guard_semantics_tests-c60bf359c75d9793.exe)

running 0 tests

test result: ok. 0 passed; 0 failed; 0 ignored; 0 measured; 1 filtered out; finished in 0.00s

     Running tests\lexer_parity_extended.rs (target\debug\deps\lexer_parity_extended-b30fc1f60e8f51ea.exe)

running 0 tests

test result: ok. 0 passed; 0 failed; 0 ignored; 0 measured; 1 filtered out; finished in 0.00s

     Running tests\mape_k_integration_core_tests.rs (target\debug\deps\mape_k_integration_core_tests-4b73466333090f3c.exe)

running 0 tests

test result: ok. 0 passed; 0 failed; 0 ignored; 0 measured; 8 filtered out; finished in 0.00s

     Running tests\mape_k_integration_extended_tests.rs (target\debug\deps\mape_k_integration_extended_tests-786f4165fba234f4.exe)

running 0 tests

test result: ok. 0 passed; 0 failed; 0 ignored; 0 measured; 7 filtered out; finished in 0.00s

     Running tests\mape_k_partition_tests.rs (target\debug\deps\mape_k_partition_tests-89a7309392cd6691.exe)

running 0 tests

test result: ok. 0 passed; 0 failed; 0 ignored; 0 measured; 22 filtered out; finished in 0.00s

     Running tests\mape_k_rtl_bitstream_tests.rs (target\debug\deps\mape_k_rtl_bitstream_tests-1718f1060a444031.exe)

running 0 tests

test result: ok. 0 passed; 0 failed; 0 ignored; 0 measured; 8 filtered out; finished in 0.00s

     Running tests\mape_k_rtl_core_tests.rs (target\debug\deps\mape_k_rtl_core_tests-40f5781bbd77e353.exe)

running 0 tests

test result: ok. 0 passed; 0 failed; 0 ignored; 0 measured; 25 filtered out; finished in 0.00s

     Running tests\mape_k_rtl_formal_tests.rs (target\debug\deps\mape_k_rtl_formal_tests-cd0a78b4c23086cb.exe)

running 0 tests

test result: ok. 0 passed; 0 failed; 0 ignored; 0 measured; 12 filtered out; finished in 0.00s

     Running tests\mape_k_rtl_iverilog_tests.rs (target\debug\deps\mape_k_rtl_iverilog_tests-3d86f4ad02130a9c.exe)

running 0 tests

test result: ok. 0 passed; 0 failed; 0 ignored; 0 measured; 12 filtered out; finished in 0.00s

     Running tests\mape_k_rtl_nextpnr_tests.rs (target\debug\deps\mape_k_rtl_nextpnr_tests-6f2c1b016401415c.exe)

running 0 tests

test result: ok. 0 passed; 0 failed; 0 ignored; 0 measured; 8 filtered out; finished in 0.00s

     Running tests\mape_k_rtl_verilator_tests.rs (target\debug\deps\mape_k_rtl_verilator_tests-0929e6363f54a212.exe)

running 0 tests

test result: ok. 0 passed; 0 failed; 0 ignored; 0 measured; 10 filtered out; finished in 0.00s

     Running tests\mape_k_rtl_yosys_tests.rs (target\debug\deps\mape_k_rtl_yosys_tests-7996c665212df90c.exe)

running 0 tests

test result: ok. 0 passed; 0 failed; 0 ignored; 0 measured; 15 filtered out; finished in 0.00s

     Running tests\mape_k_scenario_tests.rs (target\debug\deps\mape_k_scenario_tests-8e40a41f10f172ae.exe)

running 0 tests

test result: ok. 0 passed; 0 failed; 0 ignored; 0 measured; 7 filtered out; finished in 0.00s

     Running tests\mape_k_tests.rs (target\debug\deps\mape_k_tests-14341ac1754f516a.exe)

running 0 tests

test result: ok. 0 passed; 0 failed; 0 ignored; 0 measured; 32 filtered out; finished in 0.00s

     Running tests\mega10_composite_integration_tests.rs (target\debug\deps\mega10_composite_integration_tests-d7dcbb269cbbaf74.exe)

running 0 tests

test result: ok. 0 passed; 0 failed; 0 ignored; 0 measured; 23 filtered out; finished in 0.00s

     Running tests\mega1_typeck_c10_edge_tests.rs (target\debug\deps\mega1_typeck_c10_edge_tests-a727e8ac06fb3d5a.exe)

running 0 tests

test result: ok. 0 passed; 0 failed; 0 ignored; 0 measured; 13 filtered out; finished in 0.00s

     Running tests\mega1_typeck_c1_c3_tests.rs (target\debug\deps\mega1_typeck_c1_c3_tests-a4d9badf03e9b6d9.exe)

running 0 tests

test result: ok. 0 passed; 0 failed; 0 ignored; 0 measured; 11 filtered out; finished in 0.00s

     Running tests\mega1_typeck_c4_c6_tests.rs (target\debug\deps\mega1_typeck_c4_c6_tests-2a099e7116e8e941.exe)

running 0 tests

test result: ok. 0 passed; 0 failed; 0 ignored; 0 measured; 11 filtered out; finished in 0.00s

     Running tests\mega1_typeck_c7_c9_tests.rs (target\debug\deps\mega1_typeck_c7_c9_tests-d17cefedd7def980.exe)

running 0 tests

test result: ok. 0 passed; 0 failed; 0 ignored; 0 measured; 12 filtered out; finished in 0.00s

     Running tests\mega2_sexpr_d1_d5_tests.rs (target\debug\deps\mega2_sexpr_d1_d5_tests-2073c65685b90556.exe)

running 0 tests

test result: ok. 0 passed; 0 failed; 0 ignored; 0 measured; 21 filtered out; finished in 0.00s

     Running tests\mega2_sexpr_d6_d10_tests.rs (target\debug\deps\mega2_sexpr_d6_d10_tests-0f76a39e8681c69c.exe)

running 0 tests

test result: ok. 0 passed; 0 failed; 0 ignored; 0 measured; 21 filtered out; finished in 0.00s

     Running tests\mega4_qa_cert_fuzz_tests.rs (target\debug\deps\mega4_qa_cert_fuzz_tests-1dbdaa23921b6520.exe)

running 0 tests

test result: ok. 0 passed; 0 failed; 0 ignored; 0 measured; 20 filtered out; finished in 0.00s

     Running tests\mega4_qa_cert_stress_tests.rs (target\debug\deps\mega4_qa_cert_stress_tests-d988e9e482fc83ff.exe)

running 0 tests

test result: ok. 0 passed; 0 failed; 0 ignored; 0 measured; 20 filtered out; finished in 0.00s

     Running tests\mega4_qa_totality_edge_tests.rs (target\debug\deps\mega4_qa_totality_edge_tests-d4f58326f3f0cb8c.exe)

running 0 tests

test result: ok. 0 passed; 0 failed; 0 ignored; 0 measured; 10 filtered out; finished in 0.00s

     Running tests\mega4_qa_totality_temporal_tests.rs (target\debug\deps\mega4_qa_totality_temporal_tests-86c1eece94075c57.exe)

running 0 tests

test result: ok. 0 passed; 0 failed; 0 ignored; 0 measured; 20 filtered out; finished in 0.00s

     Running tests\mega5_symbolic_g11_g17_tests.rs (target\debug\deps\mega5_symbolic_g11_g17_tests-c044f53a838ee938.exe)

running 0 tests

test result: ok. 0 passed; 0 failed; 0 ignored; 0 measured; 14 filtered out; finished in 0.00s

     Running tests\mega5_symbolic_g1_g10_tests.rs (target\debug\deps\mega5_symbolic_g1_g10_tests-c18df0be1bd13503.exe)

running 0 tests

test result: ok. 0 passed; 0 failed; 0 ignored; 0 measured; 39 filtered out; finished in 0.00s

     Running tests\mega5_symbolic_verification_tests.rs (target\debug\deps\mega5_symbolic_verification_tests-38c5c7a24cd81bb8.exe)

running 0 tests

test result: ok. 0 passed; 0 failed; 0 ignored; 0 measured; 92 filtered out; finished in 0.00s

     Running tests\mirr_executor_tests.rs (target\debug\deps\mirr_executor_tests-98623f798fe082f3.exe)

running 0 tests

test result: ok. 0 passed; 0 failed; 0 ignored; 0 measured; 37 filtered out; finished in 0.00s

     Running tests\module_tests.rs (target\debug\deps\module_tests-df4f26f95104b308.exe)

running 0 tests

test result: ok. 0 passed; 0 failed; 0 ignored; 0 measured; 23 filtered out; finished in 0.00s

     Running tests\multi_error_tests.rs (target\debug\deps\multi_error_tests-8704f00386a47ac9.exe)

running 0 tests

test result: ok. 0 passed; 0 failed; 0 ignored; 0 measured; 14 filtered out; finished in 0.00s

     Running tests\ownership_tests.rs (target\debug\deps\ownership_tests-eba934eb7e78950b.exe)

running 0 tests

test result: ok. 0 passed; 0 failed; 0 ignored; 0 measured; 15 filtered out; finished in 0.00s

     Running tests\parser_edge_cases_tests.rs (target\debug\deps\parser_edge_cases_tests-05b80d7579b3e245.exe)

running 0 tests

test result: ok. 0 passed; 0 failed; 0 ignored; 0 measured; 10 filtered out; finished in 0.00s

     Running tests\pattern_coverage_basic_tests.rs (target\debug\deps\pattern_coverage_basic_tests-bf2ffa9c6a3ff430.exe)

running 0 tests

test result: ok. 0 passed; 0 failed; 0 ignored; 0 measured; 8 filtered out; finished in 0.00s

     Running tests\pattern_coverage_edge_tests.rs (target\debug\deps\pattern_coverage_edge_tests-8165141f2eba0a49.exe)

running 0 tests

test result: ok. 0 passed; 0 failed; 0 ignored; 0 measured; 7 filtered out; finished in 0.00s

     Running tests\pattern_integration_tests.rs (target\debug\deps\pattern_integration_tests-2fdc161a11663eea.exe)

running 0 tests

test result: ok. 0 passed; 0 failed; 0 ignored; 0 measured; 5 filtered out; finished in 0.00s

     Running tests\pipeline_edge_cases_tests.rs (target\debug\deps\pipeline_edge_cases_tests-5c73d05c8ed8017b.exe)

running 0 tests

test result: ok. 0 passed; 0 failed; 0 ignored; 0 measured; 10 filtered out; finished in 0.00s

     Running tests\pipeline_tests.rs (target\debug\deps\pipeline_tests-e4978f07f5f3837c.exe)

running 0 tests

test result: ok. 0 passed; 0 failed; 0 ignored; 0 measured; 28 filtered out; finished in 0.00s

     Running tests\property_directive_tests.rs (target\debug\deps\property_directive_tests-5b4b6ad62e2297bb.exe)

running 0 tests

test result: ok. 0 passed; 0 failed; 0 ignored; 0 measured; 56 filtered out; finished in 0.00s

     Running tests\property_expansion_tests.rs (target\debug\deps\property_expansion_tests-79a3a783a2d7098a.exe)

running 0 tests

test result: ok. 0 passed; 0 failed; 0 ignored; 0 measured; 11 filtered out; finished in 0.00s

     Running tests\property_tests.rs (target\debug\deps\property_tests-282587ba647765c5.exe)

running 0 tests

test result: ok. 0 passed; 0 failed; 0 ignored; 0 measured; 40 filtered out; finished in 0.00s

     Running tests\riscv_integration_tests.rs (target\debug\deps\riscv_integration_tests-e87762299103592d.exe)

running 0 tests

test result: ok. 0 passed; 0 failed; 0 ignored; 0 measured; 12 filtered out; finished in 0.00s

     Running tests\rspu_sim_tests.rs (target\debug\deps\rspu_sim_tests-81729ee2d4f57b02.exe)

running 0 tests

test result: ok. 0 passed; 0 failed; 0 ignored; 0 measured; 25 filtered out; finished in 0.00s

     Running tests\sat_tests.rs (target\debug\deps\sat_tests-733c6325b220974a.exe)

running 0 tests

test result: ok. 0 passed; 0 failed; 0 ignored; 0 measured; 19 filtered out; finished in 0.00s

     Running tests\self_hosting_ir_schema_tests.rs (target\debug\deps\self_hosting_ir_schema_tests-3695f2f964e2cb92.exe)

running 0 tests

test result: ok. 0 passed; 0 failed; 0 ignored; 0 measured; 12 filtered out; finished in 0.00s

     Running tests\self_hosting_parity_tests.rs (target\debug\deps\self_hosting_parity_tests-37936fa6d6f65496.exe)

running 0 tests

test result: ok. 0 passed; 0 failed; 0 ignored; 0 measured; 13 filtered out; finished in 0.00s

     Running tests\semantic_validation_tests.rs (target\debug\deps\semantic_validation_tests-5a2192da8bda0f4c.exe)

running 0 tests

test result: ok. 0 passed; 0 failed; 0 ignored; 0 measured; 8 filtered out; finished in 0.00s

     Running tests\sexpr_convert_from_sexpr_tests.rs (target\debug\deps\sexpr_convert_from_sexpr_tests-c20e990859b2fbc1.exe)

running 0 tests

test result: ok. 0 passed; 0 failed; 0 ignored; 0 measured; 10 filtered out; finished in 0.00s

     Running tests\sexpr_convert_to_sexpr_tests.rs (target\debug\deps\sexpr_convert_to_sexpr_tests-c81e67051983b04d.exe)

running 0 tests

test result: ok. 0 passed; 0 failed; 0 ignored; 0 measured; 12 filtered out; finished in 0.00s

     Running tests\sexpr_eval_tests.rs (target\debug\deps\sexpr_eval_tests-6d9398e81994e03b.exe)

running 0 tests

test result: ok. 0 passed; 0 failed; 0 ignored; 0 measured; 38 filtered out; finished in 0.00s

     Running tests\sexpr_roundtrip_tests.rs (target\debug\deps\sexpr_roundtrip_tests-7d52d82a2b090a69.exe)

running 0 tests

test result: ok. 0 passed; 0 failed; 0 ignored; 0 measured; 12 filtered out; finished in 0.00s

     Running tests\sexpr_tests.rs (target\debug\deps\sexpr_tests-5c87b14d9834d7a2.exe)

running 0 tests

test result: ok. 0 passed; 0 failed; 0 ignored; 0 measured; 29 filtered out; finished in 0.00s

     Running tests\signed_type_tests.rs (target\debug\deps\signed_type_tests-fd4bf07c8c582c36.exe)

running 0 tests

test result: ok. 0 passed; 0 failed; 0 ignored; 0 measured; 31 filtered out; finished in 0.00s

     Running tests\simplify_tests.rs (target\debug\deps\simplify_tests-51f882205c7a451c.exe)

running 0 tests

test result: ok. 0 passed; 0 failed; 0 ignored; 0 measured; 58 filtered out; finished in 0.00s

     Running tests\span_tests.rs (target\debug\deps\span_tests-12e41dad8ca53be2.exe)

running 0 tests

test result: ok. 0 passed; 0 failed; 0 ignored; 0 measured; 9 filtered out; finished in 0.00s

     Running tests\stdlib_conformance_tests.rs (target\debug\deps\stdlib_conformance_tests-98ec5e38517eb543.exe)

running 0 tests

test result: ok. 0 passed; 0 failed; 0 ignored; 0 measured; 19 filtered out; finished in 0.00s

     Running tests\stress_generator_tests.rs (target\debug\deps\stress_generator_tests-6aaaa31cba08b71a.exe)

running 0 tests

test result: ok. 0 passed; 0 failed; 0 ignored; 0 measured; 2 filtered out; finished in 0.00s

     Running tests\stress_tests.rs (target\debug\deps\stress_tests-55345bb50ff747e6.exe)

running 0 tests

test result: ok. 0 passed; 0 failed; 0 ignored; 0 measured; 7 filtered out; finished in 0.00s

     Running tests\suggest_tests.rs (target\debug\deps\suggest_tests-4d76f43a7bcc264c.exe)

running 0 tests

test result: ok. 0 passed; 0 failed; 0 ignored; 0 measured; 6 filtered out; finished in 0.00s

     Running tests\symbolic_integration_tests.rs (target\debug\deps\symbolic_integration_tests-ddc995ffd9cfb401.exe)

running 0 tests

test result: ok. 0 passed; 0 failed; 0 ignored; 0 measured; 20 filtered out; finished in 0.00s

     Running tests\symbolic_tests.rs (target\debug\deps\symbolic_tests-332b2f70655f9771.exe)

running 0 tests

test result: ok. 0 passed; 0 failed; 0 ignored; 0 measured; 28 filtered out; finished in 0.00s

     Running tests\synth_yosys_tests.rs (target\debug\deps\synth_yosys_tests-455d945870e2d8ba.exe)

running 0 tests

test result: ok. 0 passed; 0 failed; 0 ignored; 0 measured; 6 filtered out; finished in 0.00s

     Running tests\temporal_compiler_tests.rs (target\debug\deps\temporal_compiler_tests-d45e4652c73c7795.exe)

running 0 tests

test result: ok. 0 passed; 0 failed; 0 ignored; 0 measured; 32 filtered out; finished in 0.00s

     Running tests\temporal_edge_cases_tests.rs (target\debug\deps\temporal_edge_cases_tests-880e84d496719ec2.exe)

running 0 tests

test result: ok. 0 passed; 0 failed; 0 ignored; 0 measured; 8 filtered out; finished in 0.00s

     Running tests\temporal_emit_tests.rs (target\debug\deps\temporal_emit_tests-c2385ea2b817ed99.exe)

running 0 tests

test result: ok. 0 passed; 0 failed; 0 ignored; 0 measured; 4 filtered out; finished in 0.00s

     Running tests\temporal_guard_determinism.rs (target\debug\deps\temporal_guard_determinism-8cde545744f61b73.exe)

running 0 tests

test result: ok. 0 passed; 0 failed; 0 ignored; 0 measured; 1 filtered out; finished in 0.00s

     Running tests\temporal_lowering_tests.rs (target\debug\deps\temporal_lowering_tests-9fcc425eee08e5a8.exe)

running 0 tests

test result: ok. 0 passed; 0 failed; 0 ignored; 0 measured; 14 filtered out; finished in 0.00s

     Running tests\temporal_phase2b_tests.rs (target\debug\deps\temporal_phase2b_tests-d3968743d55bf6b9.exe)

running 0 tests

test result: ok. 0 passed; 0 failed; 0 ignored; 0 measured; 14 filtered out; finished in 0.00s

     Running tests\temporal_resource_tests.rs (target\debug\deps\temporal_resource_tests-0972bf82ed02a8bb.exe)

running 0 tests

test result: ok. 0 passed; 0 failed; 0 ignored; 0 measured; 6 filtered out; finished in 0.00s

     Running tests\toolchain_tests.rs (target\debug\deps\toolchain_tests-645283af1f090ece.exe)

running 0 tests

test result: ok. 0 passed; 0 failed; 0 ignored; 0 measured; 13 filtered out; finished in 0.00s

     Running tests\typecheck_tests.rs (target\debug\deps\typecheck_tests-b477e029bc7fe417.exe)

running 0 tests

test result: ok. 0 passed; 0 failed; 0 ignored; 0 measured; 33 filtered out; finished in 0.00s

     Running tests\typeck_extended_deep_effects_tests.rs (target\debug\deps\typeck_extended_deep_effects_tests-f29f2831c1ef210b.exe)

running 0 tests

test result: ok. 0 passed; 0 failed; 0 ignored; 0 measured; 7 filtered out; finished in 0.00s

     Running tests\typeck_extended_deep_phantom_tests.rs (target\debug\deps\typeck_extended_deep_phantom_tests-acfd8ba1b6ba86d1.exe)

running 0 tests

test result: ok. 0 passed; 0 failed; 0 ignored; 0 measured; 7 filtered out; finished in 0.00s

     Running tests\typeck_extended_deep_refinement_tests.rs (target\debug\deps\typeck_extended_deep_refinement_tests-9a452a0e7866202d.exe)

running 0 tests

test result: ok. 0 passed; 0 failed; 0 ignored; 0 measured; 7 filtered out; finished in 0.00s

     Running tests\ui_tests.rs (target\debug\deps\ui_tests-2be50cf2d3fb8d9a.exe)

running 0 tests

test result: ok. 0 passed; 0 failed; 0 ignored; 0 measured; 1 filtered out; finished in 0.00s

     Running tests\validation_tests.rs (target\debug\deps\validation_tests-608c15cea0f62731.exe)

running 0 tests

test result: ok. 0 passed; 0 failed; 0 ignored; 0 measured; 6 filtered out; finished in 0.00s

     Running tests\width_inference_tests.rs (target\debug\deps\width_inference_tests-c1d25d225227d0c2.exe)

running 0 tests

test result: ok. 0 passed; 0 failed; 0 ignored; 0 measured; 67 filtered out; finished in 0.00s

     Running tests\width_scc_stress_tests.rs (target\debug\deps\width_scc_stress_tests-ff6837d3c926b172.exe)

running 1 test

thread 'width_scc_linear_dependency' (16896) panicked at tests\width_scc_stress_tests.rs:35:5:
linear dependency should pass
note: run with `RUST_BACKTRACE=1` environment variable to display a backtrace
test width_scc_linear_dependency ... FAILED

failures:

failures:
    width_scc_linear_dependency

test result: FAILED. 0 passed; 1 failed; 0 ignored; 0 measured; 3 filtered out; finished in 0.00s

error: test failed, to rerun pass `-p nasa-rust-project --test width_scc_stress_tests`
